\BOOKMARK [1][-]{section.1}{\376\377\000I\000n\000t\000r\000o\000d\000u\000c\000t\000i\000o\000n}{}% 1
\BOOKMARK [1][-]{section.2}{\376\377\000R\000e\000l\000a\000t\000e\000d\000\040\000W\000o\000r\000k}{}% 2
\BOOKMARK [2][-]{subsection.2.1}{\376\377\000U\000n\000d\000e\000r\000w\000a\000t\000e\000r\000\040\000I\000m\000a\000g\000e\000\040\000D\000e\000h\000a\000z\000i\000n\000g\000\040\000\046\000\040\000C\000o\000l\000o\000r\000\040\000R\000e\000s\000t\000o\000r\000a\000t\000i\000o\000n}{section.2}% 3
\BOOKMARK [2][-]{subsection.2.2}{\376\377\000O\000b\000j\000e\000c\000t\000\040\000D\000e\000t\000e\000c\000t\000i\000o\000n\000\040\000\046\000\040\000M\000u\000l\000t\000i\000-\000O\000b\000j\000e\000c\000t\000\040\000T\000r\000a\000c\000k\000i\000n\000g\000\040\000\050\000M\000O\000T\000\051}{section.2}% 4
\BOOKMARK [2][-]{subsection.2.3}{\376\377\000E\000c\000o\000l\000o\000g\000i\000c\000a\000l\000\040\000D\000a\000t\000a\000\040\000A\000s\000s\000i\000m\000i\000l\000a\000t\000i\000o\000n\000\040\000\046\000\040\000G\000e\000n\000e\000r\000a\000t\000i\000v\000e\000\040\000A\000I}{section.2}% 5
\BOOKMARK [1][-]{section.3}{\376\377\000M\000e\000t\000h\000o\000d\000o\000l\000o\000g\000y}{}% 6
\BOOKMARK [2][-]{subsection.3.1}{\376\377\000O\000p\000t\000i\000c\000a\000l\000\040\000P\000r\000e\000p\000r\000o\000c\000e\000s\000s\000i\000n\000g\000\040\000\046\000\040\000C\000a\000m\000e\000r\000a\000\040\000D\000i\000s\000t\000o\000r\000t\000i\000o\000n\000\040\000C\000o\000r\000r\000e\000c\000t\000i\000o\000n}{section.3}% 7
\BOOKMARK [2][-]{subsection.3.2}{\376\377\000A\000I\000\040\000N\000e\000u\000r\000a\000l\000\040\000V\000i\000s\000i\000o\000n\000\040\000E\000n\000g\000i\000n\000e\000\040\000\046\000\040\000M\000u\000l\000t\000i\000-\000O\000b\000j\000e\000c\000t\000\040\000T\000r\000a\000c\000k\000i\000n\000g}{section.3}% 8
\BOOKMARK [2][-]{subsection.3.3}{\376\377\000B\000i\000o\000l\000o\000g\000i\000c\000a\000l\000\040\000E\000c\000o\000l\000o\000g\000i\000c\000a\000l\000\040\000C\000e\000n\000s\000u\000s\000\040\000\046\000\040\000G\000B\000I\000F\000\040\000T\000a\000x\000o\000n\000o\000m\000y\000\040\000A\000P\000I}{section.3}% 9
\BOOKMARK [2][-]{subsection.3.4}{\376\377\000S\000t\000o\000c\000h\000a\000s\000t\000i\000c\000\040\000P\000o\000p\000u\000l\000a\000t\000i\000o\000n\000\040\000M\000o\000d\000e\000l\000i\000n\000g\000\040\000\046\000\040\000E\000n\000K\000F\000\040\000D\000a\000t\000a\000\040\000A\000s\000s\000i\000m\000i\000l\000a\000t\000i\000o\000n}{section.3}% 10
\BOOKMARK [3][-]{subsubsection.3.4.1}{\376\377\000S\000t\000o\000c\000h\000a\000s\000t\000i\000c\000\040\000L\000o\000t\000k\000a\000-\000V\000o\000l\000t\000e\000r\000r\000a\000\040\000S\000D\000E\000\040\000M\000o\000d\000e\000l}{subsection.3.4}% 11
\BOOKMARK [3][-]{subsubsection.3.4.2}{\376\377\000E\000u\000l\000e\000r\000-\000M\000a\000r\000u\000y\000a\000m\000a\000\040\000N\000u\000m\000e\000r\000i\000c\000a\000l\000\040\000D\000i\000s\000c\000r\000e\000t\000i\000z\000a\000t\000i\000o\000n\000\040\000S\000c\000h\000e\000m\000e}{subsection.3.4}% 12
\BOOKMARK [3][-]{subsubsection.3.4.3}{\376\377\000E\000n\000s\000e\000m\000b\000l\000e\000\040\000K\000a\000l\000m\000a\000n\000\040\000F\000i\000l\000t\000e\000r\000\040\000\050\000E\000n\000K\000F\000\051\000\040\000M\000a\000t\000h\000e\000m\000a\000t\000i\000c\000a\000l\000\040\000W\000o\000r\000k\000f\000l\000o\000w}{subsection.3.4}% 13
\BOOKMARK [2][-]{subsection.3.5}{\376\377\000G\000e\000n\000e\000r\000a\000t\000i\000v\000e\000\040\000N\000e\000u\000r\000a\000l\000\040\000S\000D\000E\000\040\000S\000w\000a\000r\000m\000\040\000F\000o\000r\000e\000c\000a\000s\000t\000e\000r\000\040\000\046\000\040\000A\000c\000o\000u\000s\000t\000o\000-\000V\000i\000s\000u\000a\000l\000\040\000E\000n\000g\000i\000n\000e}{section.3}% 14
\BOOKMARK [3][-]{subsubsection.3.5.1}{\376\377\000G\000e\000n\000e\000r\000a\000t\000i\000v\000e\000\040\000N\000e\000u\000r\000a\000l\000\040\000S\000D\000E\000\040\0003\0000\000-\000S\000e\000c\000o\000n\000d\000\040\000T\000r\000a\000j\000e\000c\000t\000o\000r\000y\000\040\000F\000o\000r\000e\000c\000a\000s\000t\000e\000r}{subsection.3.5}% 15
\BOOKMARK [3][-]{subsubsection.3.5.2}{\376\377\000A\000c\000o\000u\000s\000t\000o\000-\000V\000i\000s\000u\000a\000l\000\040\000H\000y\000d\000r\000o\000d\000y\000n\000a\000m\000i\000c\000\040\000P\000r\000e\000s\000s\000u\000r\000e\000\040\000W\000a\000v\000e\000\040\000F\000i\000e\000l\000d}{subsection.3.5}% 16
\BOOKMARK [2][-]{subsection.3.6}{\376\377\000C\000y\000b\000e\000r\000\040\000D\000a\000r\000k\000\040\000G\000l\000a\000s\000s\000m\000o\000r\000p\000h\000i\000s\000m\000\040\000T\000h\000e\000m\000e\000\040\000\046\000\040\0002\0006\000-\000L\000e\000t\000t\000e\000r\000\040\000K\000e\000y\000b\000o\000a\000r\000d\000\040\000D\000o\000c\000k}{section.3}% 17
\BOOKMARK [2][-]{subsection.3.7}{\376\377\000G\000e\000n\000e\000r\000a\000t\000i\000v\000e\000\040\000L\000L\000M\000\040\000D\000i\000a\000l\000o\000g\000u\000e\000\040\000\046\000\040\000U\000I\000\040\000D\000a\000s\000h\000b\000o\000a\000r\000d\000\040\000A\000r\000c\000h\000i\000t\000e\000c\000t\000u\000r\000e}{section.3}% 18
\BOOKMARK [1][-]{section.4}{\376\377\000E\000x\000p\000e\000r\000i\000m\000e\000n\000t}{}% 19
\BOOKMARK [1][-]{section.5}{\376\377\000T\000e\000s\000t\000i\000n\000g}{}% 20
\BOOKMARK [1][-]{section.6}{\376\377\000D\000i\000s\000c\000u\000s\000s\000i\000o\000n}{}% 21
\BOOKMARK [1][-]{section.7}{\376\377\000L\000i\000m\000i\000t\000a\000t\000i\000o\000n\000s}{}% 22
\BOOKMARK [1][-]{section.8}{\376\377\000A\000I\000\040\000D\000i\000s\000c\000l\000o\000s\000u\000r\000e\000\040\000S\000t\000a\000t\000e\000m\000e\000n\000t}{}% 23
\BOOKMARK [1][-]{section.9}{\376\377\000C\000o\000n\000c\000l\000u\000s\000i\000o\000n\000\040\000\046\000\040\000F\000u\000t\000u\000r\000e\000\040\000W\000o\000r\000k}{}% 24
\BOOKMARK [1][-]{appendix.A}{\376\377\000A\000p\000p\000e\000n\000d\000i\000x\000:\000\040\000M\000a\000t\000h\000e\000m\000a\000t\000i\000c\000a\000l\000\040\000F\000o\000r\000m\000u\000l\000a\000t\000i\000o\000n\000s\000,\000\040\000C\000o\000d\000e\000b\000a\000s\000e\000\040\000A\000r\000c\000h\000i\000t\000e\000c\000t\000u\000r\000e\000\040\000\046\000\040\000D\000i\000r\000e\000c\000t\000o\000r\000y\000\040\000S\000t\000r\000u\000c\000t\000u\000r\000e}{}% 25
\BOOKMARK [2][-]{subsection.A.1}{\376\377\000G\000B\000I\000F\000\040\000R\000E\000S\000T\000\040\000T\000a\000x\000o\000n\000o\000m\000y\000\040\000M\000a\000p\000p\000i\000n\000g\000\040\000\046\000\040\000D\000i\000s\000k\000\040\000C\000a\000c\000h\000i\000n\000g}{appendix.A}% 26
\BOOKMARK [2][-]{subsection.A.2}{\376\377\000I\000n\000f\000o\000r\000m\000a\000t\000i\000o\000n\000-\000T\000h\000e\000o\000r\000e\000t\000i\000c\000\040\000E\000c\000o\000l\000o\000g\000i\000c\000a\000l\000\040\000D\000i\000v\000e\000r\000s\000i\000t\000y\000\040\000M\000a\000t\000h}{appendix.A}% 27
\BOOKMARK [2][-]{subsection.A.3}{\376\377\000A\000q\000u\000a\000P\000u\000l\000s\000e\000\040\000M\000o\000d\000u\000l\000a\000r\000\040\000S\000u\000b\000s\000y\000s\000t\000e\000m\000\040\000D\000i\000r\000e\000c\000t\000o\000r\000y}{appendix.A}% 28
